BadCast.java:10:19: compiler.err.illegal.start.of.expr
1 error