LintCast.java:14:21: compiler.warn.redundant.cast: java.lang.String
LintCast.java:20:27: compiler.warn.redundant.cast: java.util.List<java.lang.String>
LintCast.java:26:20: compiler.warn.redundant.cast: int[]
LintCast.java:38:24: compiler.warn.redundant.cast: java.lang.String
LintCast.java:39:26: compiler.warn.redundant.cast: java.lang.String
5 warnings
