DuplicateTypeAnnotation.java:10:16: compiler.err.duplicate.annotation
1 error
