DuplicateTypeAnnotation.java:11:20: compiler.err.duplicate.annotation
1 error
